../Core/Src/main.c:92:5:main	8	static
../Core/Src/main.c:180:6:SystemClock_Config	88	static
../Core/Src/main.c:222:13:MX_GPIO_Init	40	static
../Core/Src/main.c:247:6:AccessSharedData	8	static
../Core/Src/main.c:266:6:SimulateReadWriteOperation	16	static,ignoring_inline_asm
../Core/Src/main.c:285:6:StartDefaultTask	16	static
../Core/Src/main.c:303:6:GreenTask	16	static
../Core/Src/main.c:335:6:RedTask	16	static
../Core/Src/main.c:368:6:HAL_TIM_PeriodElapsedCallback	16	static
../Core/Src/main.c:385:6:Error_Handler	4	static,ignoring_inline_asm
